src/context/AuthContext.tsx(2,1): error TS6133: 'api' is declared but its value is never read.
src/onboarding/OnboardingFlow.tsx(84,10): error TS6133: 'isSubmitting' is declared but its value is never read.
src/services/api.ts(4,24): error TS2339: Property 'env' does not exist on type 'ImportMeta'.
